2026-06-08 20:50:57,678 INFO: Blog startup [in C:\Users\payta\Documents\pyDev\my-website\main.py:27]
2026-06-08 20:51:03,474 ERROR: Exception on /index [GET] [in C:\Users\payta\Documents\pyDev\my-website\venv\Lib\site-packages\flask\app.py:875]
Traceback (most recent call last):
  File "C:\Users\payta\Documents\pyDev\my-website\venv\Lib\site-packages\flask\app.py", line 1511, in wsgi_app
    response = self.full_dispatch_request()
  File "C:\Users\payta\Documents\pyDev\my-website\venv\Lib\site-packages\flask\app.py", line 919, in full_dispatch_request
    rv = self.handle_user_exception(e)
  File "C:\Users\payta\Documents\pyDev\my-website\venv\Lib\site-packages\flask\app.py", line 917, in full_dispatch_request
    rv = self.dispatch_request()
  File "C:\Users\payta\Documents\pyDev\my-website\venv\Lib\site-packages\flask\app.py", line 902, in dispatch_request
    return self.ensure_sync(self.view_functions[rule.endpoint])(**view_args)  # type: ignore[no-any-return]
           ~~~~~~~~~~~~~~~~~~~~~~~~~~~~~~~~~~~~~~~~~~~~~~~~~~~~^^^^^^^^^^^^^
  File "C:\Users\payta\Documents\pyDev\my-website\app\routes.py", line 13, in index
    return render_template("index.html", title='Home Page', posts=posts)
  File "C:\Users\payta\Documents\pyDev\my-website\venv\Lib\site-packages\flask\templating.py", line 151, in render_template
    return _render(app, template, context)
  File "C:\Users\payta\Documents\pyDev\my-website\venv\Lib\site-packages\flask\templating.py", line 132, in _render
    rv = template.render(context)
  File "C:\Users\payta\Documents\pyDev\my-website\venv\Lib\site-packages\jinja2\environment.py", line 1295, in render
    self.environment.handle_exception()
    ~~~~~~~~~~~~~~~~~~~~~~~~~~~~~~~~~^^
  File "C:\Users\payta\Documents\pyDev\my-website\venv\Lib\site-packages\jinja2\environment.py", line 942, in handle_exception
    raise rewrite_traceback_stack(source=source)
  File "C:\Users\payta\Documents\pyDev\my-website\app\templates\index.html", line 1, in top-level template code
    {% extends "base.html" %}
  File "C:\Users\payta\Documents\pyDev\my-website\app\templates\base.html", line 13, in top-level template code
    {% block content %}{% endblock %}
    ^^^^^^^^^^^^^^^^^
  File "C:\Users\payta\Documents\pyDev\my-website\app\templates\index.html", line 4, in block 'content'
    <h1>Hi, {{ current_user.username }}!</h1>
    ^^^^^^^^^^^^^^^^^^^^^
  File "C:\Users\payta\Documents\pyDev\my-website\venv\Lib\site-packages\jinja2\environment.py", line 490, in getattr
    return getattr(obj, attribute)
jinja2.exceptions.UndefinedError: 'current_user' is undefined
2026-06-08 20:51:48,651 INFO: Blog startup [in C:\Users\payta\Documents\pyDev\my-website\main.py:27]
2026-06-08 20:51:52,704 ERROR: Exception on /index [GET] [in C:\Users\payta\Documents\pyDev\my-website\venv\Lib\site-packages\flask\app.py:875]
Traceback (most recent call last):
  File "C:\Users\payta\Documents\pyDev\my-website\venv\Lib\site-packages\flask\app.py", line 1511, in wsgi_app
    response = self.full_dispatch_request()
  File "C:\Users\payta\Documents\pyDev\my-website\venv\Lib\site-packages\flask\app.py", line 919, in full_dispatch_request
    rv = self.handle_user_exception(e)
  File "C:\Users\payta\Documents\pyDev\my-website\venv\Lib\site-packages\flask\app.py", line 917, in full_dispatch_request
    rv = self.dispatch_request()
  File "C:\Users\payta\Documents\pyDev\my-website\venv\Lib\site-packages\flask\app.py", line 902, in dispatch_request
    return self.ensure_sync(self.view_functions[rule.endpoint])(**view_args)  # type: ignore[no-any-return]
           ~~~~~~~~~~~~~~~~~~~~~~~~~~~~~~~~~~~~~~~~~~~~~~~~~~~~^^^^^^^^^^^^^
  File "C:\Users\payta\Documents\pyDev\my-website\app\routes.py", line 13, in index
    return render_template("index.html", title='Home Page', posts=posts)
  File "C:\Users\payta\Documents\pyDev\my-website\venv\Lib\site-packages\flask\templating.py", line 151, in render_template
    return _render(app, template, context)
  File "C:\Users\payta\Documents\pyDev\my-website\venv\Lib\site-packages\flask\templating.py", line 132, in _render
    rv = template.render(context)
  File "C:\Users\payta\Documents\pyDev\my-website\venv\Lib\site-packages\jinja2\environment.py", line 1295, in render
    self.environment.handle_exception()
    ~~~~~~~~~~~~~~~~~~~~~~~~~~~~~~~~~^^
  File "C:\Users\payta\Documents\pyDev\my-website\venv\Lib\site-packages\jinja2\environment.py", line 942, in handle_exception
    raise rewrite_traceback_stack(source=source)
  File "C:\Users\payta\Documents\pyDev\my-website\app\templates\index.html", line 1, in top-level template code
    {% extends "base.html" %}
  File "C:\Users\payta\Documents\pyDev\my-website\app\templates\base.html", line 13, in top-level template code
    {% block content %}{% endblock %}
    ^^^^^^^^^^^^^^^^^
  File "C:\Users\payta\Documents\pyDev\my-website\app\templates\index.html", line 7, in block 'content'
    {{ post.author.username }} says: <b>{{ post.body }}</b>
    ^^^^^^^^^^^^^^^^^^^^^
  File "C:\Users\payta\Documents\pyDev\my-website\venv\Lib\site-packages\jinja2\environment.py", line 490, in getattr
    return getattr(obj, attribute)
jinja2.exceptions.UndefinedError: 'app.models.Post object' has no attribute 'author'
2026-06-08 20:58:26,404 INFO: Blog startup [in C:\Users\payta\Documents\pyDev\my-website\main.py:27]
2026-06-08 20:59:21,039 INFO: Blog startup [in C:\Users\payta\Documents\pyDev\my-website\main.py:27]
2026-06-08 21:01:30,117 INFO: Blog startup [in C:\Users\payta\Documents\pyDev\my-website\main.py:27]
